{"checkpoint": "/home/tk/Desktop/mycode/crazyflow/artifacts/da_plcbf/competent-revision-20260904/crossing-oracle-7/checkpoint/competent_checkpoint", "competency": {"scope": "nominal point-model motion competence; no obstacle or task safety guarantee", "diversity_descriptor": "independent final displacement (3D)", "policy_count": 16, "thresholds": {"minimum_displacement_m": 0.1, "minimum_direction_cosine": 0.8, "minimum_occupied_fraction": 0.75, "minimum_aligned_fraction": 0.75, "minimum_endpoint_pairwise_mean_m": 0.3, "minimum_trajectory_pairwise_rms_mean_m": 0.15, "maximum_terminal_speed_mean_mps": 0.3, "maximum_terminal_speed_p95_mps": 0.5, "maximum_tilt_radians": 0.9, "maximum_angular_rate_rps": 12.0}, "competency_checks": {"all_rollouts_finite_and_actuator_valid": true, "direction_occupancy": true, "intended_direction_alignment": true, "endpoint_spread": true, "trajectory_spread": true, "terminal_braking_mean": true, "terminal_braking_p95": true, "tilt": true, "angular_rate": true}, "competent_under_declared_criteria": true, "finite_policy_fraction": 1.0, "active_direction_count": 16, "occupied_direction_count": 16, "occupied_direction_fraction": 1.0, "direction_bin_counts": [1, 1, 1, 1, 1, 1, 1, 1, 1, 1, 1, 1, 1, 1, 1, 1], "direction_bin_for_skill": [0, 1, 2, 3, 4, 5, 6, 7, 8, 9, 10, 11, 12, 13, 14, 15], "aligned_direction_count": 16, "aligned_direction_fraction": 1.0, "own_target_direction_cosines": [0.9998288995987354, 0.9997861043513041, 0.9995508900959655, 0.9992969384665561, 0.9987400160487957, 0.9997766167949379, 0.9999039993148648, 0.9999308422591866, 0.9998890982979468, 0.9999387222144712, 0.9996890638164453, 0.9994611255617333, 0.999793673392998, 0.9994758422572754, 0.9998306611424315, 0.9999080258515114], "displacement_norm_m": [0.1229103993435989, 0.3649961262513506, 0.4114313577579078, 0.19274436151044808, 0.4555757490572923, 0.2270196324411555, 0.27573664803864656, 0.2425990848725485, 0.3266702826327324, 0.36137693664810333, 0.36717107846159086, 0.43634762766571655, 0.21747671283296902, 0.5098128552509555, 0.24511714914350383, 0.31692723064002376], "endpoint_pairwise_mean_m": 0.46151814161269145, "trajectory_pairwise_rms_mean_m": 0.2638953597816962, "terminal_speed_mps": {"mean": 0.13859320349236565, "p95": 0.24722672175749955, "maximum": 0.27173870955460194}, "tilt_radians": {"mean": 0.05339031569953368, "p95": 0.13491021187326024, "maximum": 0.17150631882804857}, "angular_rate_rps": {"mean": 0.226742538855214, "p95": 0.5414503509127522, "maximum": 0.665866228872429}, "spatial_target_rmse_m": 0.010978301656150269}}
fixed: 0/400
fixed: 50/400
fixed: 100/400
fixed: 150/400
fixed: 200/400
fixed: 250/400
fixed: 300/400
fixed: 350/400
{"method": "fixed", "result": {"minimum_physical_clearance_m": 0.5103155228632805, "minimum_inflated_clearance_m": 0.3603155228632805, "physical_collision": false, "final_goal_distance_m": 1.728673669276759e-05, "negative_hard_H_intervals": 0, "zero_selectable_intervals": 0, "qp_execution_count": 491, "fallback_execution_count": 2, "emergency_execution_count": 7, "midpoint_execution_count": 0, "degraded_step_count": 7, "positive_dual_on_executed_QP_count": 9, "minimum_motor_margin_N": 0.06465893983840942, "minimum_operational_residual": -0.08189836144447327, "first_negative_hard_H_time": null, "first_zero_selectable_time": null, "first_emergency_time": 3.4, "first_shell_violation_time": null, "first_physical_collision_time": null, "failure_sequence": "Recorded events are chronology, not proof that every safe control was impossible.", "controller_timing": {"count": 400, "median_seconds": 0.01848605356644839, "p95_seconds": 0.02101920515997335, "maximum_seconds": 0.023715388029813766}, "learner_timing": {"count": 0, "median_seconds": null, "p95_seconds": null, "maximum_seconds": null}, "attempted_updates": 0, "finite_updates": 0, "initial_library_version": 500, "final_library_version": 500, "last_controller_used_library_version": 500, "deadline_misses": 0, "maximum_snapshot_age_seconds": 19.959999084472656, "safe_goal_success": true}}
compensated: 0/400
compensated: 50/400
compensated: 100/400
compensated: 150/400
compensated: 200/400
compensated: 250/400
compensated: 300/400
compensated: 350/400
{"method": "compensated", "result": {"minimum_physical_clearance_m": 0.505168257781083, "minimum_inflated_clearance_m": 0.35516825778108296, "physical_collision": false, "final_goal_distance_m": 1.633926513022743e-05, "negative_hard_H_intervals": 0, "zero_selectable_intervals": 0, "qp_execution_count": 492, "fallback_execution_count": 3, "emergency_execution_count": 5, "midpoint_execution_count": 0, "degraded_step_count": 5, "positive_dual_on_executed_QP_count": 9, "minimum_motor_margin_N": 0.06758973002433777, "minimum_operational_residual": -0.09116590023040771, "first_negative_hard_H_time": null, "first_zero_selectable_time": null, "first_emergency_time": 3.4, "first_shell_violation_time": null, "first_physical_collision_time": null, "failure_sequence": "Recorded events are chronology, not proof that every safe control was impossible.", "controller_timing": {"count": 400, "median_seconds": 0.018618918024003506, "p95_seconds": 0.02130461229244247, "maximum_seconds": 0.02379953395575285}, "learner_timing": {"count": 0, "median_seconds": null, "p95_seconds": null, "maximum_seconds": null}, "attempted_updates": 0, "finite_updates": 0, "initial_library_version": 500, "final_library_version": 500, "last_controller_used_library_version": 500, "deadline_misses": 0, "maximum_snapshot_age_seconds": 19.959999084472656, "safe_goal_success": true}}
adaptive: 0/400
adaptive: 50/400
adaptive: 100/400
adaptive: 150/400
adaptive: 200/400
adaptive: 250/400
adaptive: 300/400
adaptive: 350/400
{"method": "adaptive", "result": {"minimum_physical_clearance_m": 0.5047535426332403, "minimum_inflated_clearance_m": 0.3547535426332403, "physical_collision": false, "final_goal_distance_m": 1.6410152966273017e-05, "negative_hard_H_intervals": 0, "zero_selectable_intervals": 0, "qp_execution_count": 492, "fallback_execution_count": 3, "emergency_execution_count": 5, "midpoint_execution_count": 0, "degraded_step_count": 5, "positive_dual_on_executed_QP_count": 9, "minimum_motor_margin_N": 0.07110275328159332, "minimum_operational_residual": -0.0498010516166687, "first_negative_hard_H_time": null, "first_zero_selectable_time": null, "first_emergency_time": 3.4, "first_shell_violation_time": null, "first_physical_collision_time": null, "failure_sequence": "Recorded events are chronology, not proof that every safe control was impossible.", "controller_timing": {"count": 400, "median_seconds": 0.015874281991273165, "p95_seconds": 0.020086320699192584, "maximum_seconds": 0.02611775090917945}, "learner_timing": {"count": 369, "median_seconds": 0.011394483037292957, "p95_seconds": 0.011531229829415679, "maximum_seconds": 0.012668524868786335}, "attempted_updates": 369, "finite_updates": 369, "initial_library_version": 500, "final_library_version": 869, "last_controller_used_library_version": 868, "deadline_misses": 0, "maximum_snapshot_age_seconds": 4.0, "safe_goal_success": true}}
{
  "directory": "/home/tk/Desktop/mycode/crazyflow/artifacts/da_plcbf/competent-revision-20260904/crossing-oracle-7",
  "checks": {
    "same_event_checkpoint": true,
    "nominal_repertoire_competent": true,
    "hover_remains_feasible": true,
    "no_midpoint_execution": true,
    "adaptive_safe_goal": true,
    "adaptive_zero_degraded": false,
    "adaptive_updates_finite": true,
    "adaptive_budget_met": true
  }
}
