fixed: 0/400
fixed: 50/400
fixed: 100/400
fixed: 150/400
fixed: 200/400
fixed: 250/400
fixed: 300/400
fixed: 350/400
{"method": "fixed", "result": {"minimum_physical_clearance_m": 0.07114434847456023, "minimum_inflated_clearance_m": -0.07885565152543976, "physical_collision": false, "final_goal_distance_m": 0.0002938547695521265, "negative_hard_H_intervals": 25, "zero_selectable_intervals": 25, "qp_execution_count": 475, "fallback_execution_count": 12, "emergency_execution_count": 13, "midpoint_execution_count": 0, "degraded_step_count": 25, "positive_dual_on_executed_QP_count": 39, "minimum_motor_margin_N": 0.07286626100540161, "minimum_operational_residual": 1.0, "first_negative_hard_H_time": 4.24, "first_zero_selectable_time": 4.24, "first_emergency_time": 4.72, "first_shell_violation_time": 4.72, "first_physical_collision_time": null, "failure_sequence": "Recorded events are chronology, not proof that every safe control was impossible.", "controller_timing": {"count": 400, "median_seconds": 0.018113666446879506, "p95_seconds": 0.020266399276442824, "maximum_seconds": 0.024309160886332393}, "learner_timing": {"count": 0, "median_seconds": null, "p95_seconds": null, "maximum_seconds": null}, "attempted_updates": 0, "finite_updates": 0, "initial_library_version": 500, "final_library_version": 500, "last_controller_used_library_version": 500, "deadline_misses": 0, "maximum_snapshot_age_seconds": 19.959999084472656, "safe_goal_success": false}}
compensated: 0/400
compensated: 50/400
compensated: 100/400
compensated: 150/400
compensated: 200/400
compensated: 250/400
compensated: 300/400
compensated: 350/400
{"method": "compensated", "result": {"minimum_physical_clearance_m": 0.06993447842418714, "minimum_inflated_clearance_m": -0.08006552157581286, "physical_collision": false, "final_goal_distance_m": 0.000292971235467121, "negative_hard_H_intervals": 26, "zero_selectable_intervals": 28, "qp_execution_count": 472, "fallback_execution_count": 14, "emergency_execution_count": 14, "midpoint_execution_count": 0, "degraded_step_count": 26, "positive_dual_on_executed_QP_count": 38, "minimum_motor_margin_N": 0.07279803603887558, "minimum_operational_residual": 1.0, "first_negative_hard_H_time": 4.24, "first_zero_selectable_time": 4.2, "first_emergency_time": 4.72, "first_shell_violation_time": 4.72, "first_physical_collision_time": null, "failure_sequence": "Recorded events are chronology, not proof that every safe control was impossible.", "controller_timing": {"count": 400, "median_seconds": 0.01831428101286292, "p95_seconds": 0.019768131419550625, "maximum_seconds": 0.02370549994520843}, "learner_timing": {"count": 0, "median_seconds": null, "p95_seconds": null, "maximum_seconds": null}, "attempted_updates": 0, "finite_updates": 0, "initial_library_version": 500, "final_library_version": 500, "last_controller_used_library_version": 500, "deadline_misses": 0, "maximum_snapshot_age_seconds": 19.959999084472656, "safe_goal_success": false}}
adaptive: 0/400
adaptive: 50/400
adaptive: 100/400
adaptive: 150/400
adaptive: 200/400
adaptive: 250/400
adaptive: 300/400
adaptive: 350/400
{"method": "adaptive", "result": {"minimum_physical_clearance_m": -0.009144223592309111, "minimum_inflated_clearance_m": -0.15914422359230912, "physical_collision": true, "final_goal_distance_m": 3.9582743644714355, "negative_hard_H_intervals": 396, "zero_selectable_intervals": 396, "qp_execution_count": 104, "fallback_execution_count": 13, "emergency_execution_count": 383, "midpoint_execution_count": 0, "degraded_step_count": 396, "positive_dual_on_executed_QP_count": 37, "minimum_motor_margin_N": 0.08031787723302841, "minimum_operational_residual": 1.0, "first_negative_hard_H_time": 4.16, "first_zero_selectable_time": 4.16, "first_emergency_time": 4.68, "first_shell_violation_time": 4.7, "first_physical_collision_time": 4.94, "failure_sequence": "Recorded events are chronology, not proof that every safe control was impossible.", "controller_timing": {"count": 400, "median_seconds": 0.01591083046514541, "p95_seconds": 0.01942579633323475, "maximum_seconds": 0.02367091504856944}, "learner_timing": {"count": 371, "median_seconds": 0.01145172887481749, "p95_seconds": 0.011571862502023578, "maximum_seconds": 0.012283541029319167}, "attempted_updates": 371, "finite_updates": 371, "initial_library_version": 500, "final_library_version": 871, "last_controller_used_library_version": 870, "deadline_misses": 0, "maximum_snapshot_age_seconds": 4.0, "safe_goal_success": false}}
{
  "directory": "artifacts/da_plcbf/competent-revision-20260904/wind-estimated-8",
  "checks": {
    "same_event_checkpoint": true,
    "nominal_repertoire_competent": true,
    "hover_remains_feasible": true,
    "no_midpoint_execution": true,
    "adaptive_safe_goal": false,
    "adaptive_zero_degraded": false,
    "adaptive_updates_finite": true,
    "adaptive_budget_met": true
  }
}
