principal_compensated wind_on 0: active-model RMSE=0.02851 bins=16
principal_compensated wind_on 1: active-model RMSE=0.02775 bins=16
principal_compensated wind_on 4: active-model RMSE=0.02440 bins=16
principal_compensated wind_on 20: active-model RMSE=0.02126 bins=16
principal_compensated wind_on 50: active-model RMSE=0.02080 bins=16
principal_compensated wind_on 100: active-model RMSE=0.02006 bins=16
principal_compensated wind_on 200: active-model RMSE=0.01835 bins=16
principal_compensated wind_off 0: active-model RMSE=0.02142 bins=15
principal_compensated wind_off 1: active-model RMSE=0.01993 bins=16
principal_compensated wind_off 4: active-model RMSE=0.01058 bins=16
principal_compensated wind_off 20: active-model RMSE=0.00529 bins=16
principal_compensated wind_off 50: active-model RMSE=0.00406 bins=16
principal_compensated wind_off 100: active-model RMSE=0.00325 bins=16
principal_compensated wind_off 200: active-model RMSE=0.00282 bins=16
restoration_compensated wind_on 0: active-model RMSE=0.02847 bins=16
restoration_compensated wind_on 1: active-model RMSE=0.02750 bins=16
restoration_compensated wind_on 4: active-model RMSE=0.02371 bins=16
restoration_compensated wind_on 20: active-model RMSE=0.02158 bins=16
restoration_compensated wind_on 50: active-model RMSE=0.02073 bins=16
restoration_compensated wind_on 100: active-model RMSE=0.01976 bins=16
restoration_compensated wind_on 200: active-model RMSE=0.01780 bins=16
restoration_compensated wind_off 0: active-model RMSE=0.02237 bins=15
restoration_compensated wind_off 1: active-model RMSE=0.02060 bins=16
restoration_compensated wind_off 4: active-model RMSE=0.00992 bins=16
restoration_compensated wind_off 20: active-model RMSE=0.00624 bins=16
restoration_compensated wind_off 50: active-model RMSE=0.00458 bins=16
restoration_compensated wind_off 100: active-model RMSE=0.00371 bins=16
restoration_compensated wind_off 200: active-model RMSE=0.00322 bins=16
restoration_uncompensated_gated wind_on 0: active-model RMSE=0.09132 bins=6
restoration_uncompensated_gated wind_on 1: active-model RMSE=0.08754 bins=6
restoration_uncompensated_gated wind_on 4: active-model RMSE=0.07049 bins=7
restoration_uncompensated_gated wind_on 20: active-model RMSE=0.04533 bins=9
restoration_uncompensated_gated wind_on 50: active-model RMSE=0.03936 bins=11
restoration_uncompensated_gated wind_on 100: active-model RMSE=0.03463 bins=13
restoration_uncompensated_gated wind_on 200: active-model RMSE=0.03168 bins=14
restoration_uncompensated_gated wind_off 0: active-model RMSE=0.10137 bins=6
restoration_uncompensated_gated wind_off 1: active-model RMSE=0.10069 bins=6
restoration_uncompensated_gated wind_off 4: active-model RMSE=0.09610 bins=6
restoration_uncompensated_gated wind_off 20: active-model RMSE=0.08698 bins=8
restoration_uncompensated_gated wind_off 50: active-model RMSE=0.07705 bins=8
restoration_uncompensated_gated wind_off 100: active-model RMSE=0.05769 bins=9
restoration_uncompensated_gated wind_off 200: active-model RMSE=0.00698 bins=15
restoration_uncompensated_full_residual wind_on 0: active-model RMSE=0.08245 bins=7
restoration_uncompensated_full_residual wind_on 1: active-model RMSE=0.07836 bins=6
restoration_uncompensated_full_residual wind_on 4: active-model RMSE=0.05987 bins=8
restoration_uncompensated_full_residual wind_on 20: active-model RMSE=0.03393 bins=14
restoration_uncompensated_full_residual wind_on 50: active-model RMSE=0.02968 bins=16
restoration_uncompensated_full_residual wind_on 100: active-model RMSE=0.02764 bins=16
restoration_uncompensated_full_residual wind_on 200: active-model RMSE=0.02634 bins=14
restoration_uncompensated_full_residual wind_off 0: active-model RMSE=0.09781 bins=5
restoration_uncompensated_full_residual wind_off 1: active-model RMSE=0.09667 bins=5
restoration_uncompensated_full_residual wind_off 4: active-model RMSE=0.08915 bins=5
restoration_uncompensated_full_residual wind_off 20: active-model RMSE=0.03623 bins=12
restoration_uncompensated_full_residual wind_off 50: active-model RMSE=0.00980 bins=14
restoration_uncompensated_full_residual wind_off 100: active-model RMSE=0.00667 bins=14
restoration_uncompensated_full_residual wind_off 200: active-model RMSE=0.00498 bins=14
