restoration_compensated wind_on 0: active-model RMSE=0.02853 bins=16
restoration_compensated wind_on 1: active-model RMSE=0.02747 bins=16
restoration_compensated wind_on 4: active-model RMSE=0.02323 bins=16
restoration_compensated wind_on 20: active-model RMSE=0.02073 bins=16
restoration_compensated wind_on 50: active-model RMSE=0.01990 bins=16
restoration_compensated wind_on 100: active-model RMSE=0.01924 bins=16
restoration_compensated wind_on 200: active-model RMSE=0.01785 bins=16
restoration_compensated wind_off 0: active-model RMSE=0.02396 bins=15
restoration_compensated wind_off 1: active-model RMSE=0.02223 bins=15
restoration_compensated wind_off 4: active-model RMSE=0.01201 bins=16
restoration_compensated wind_off 20: active-model RMSE=0.00525 bins=16
restoration_compensated wind_off 50: active-model RMSE=0.00283 bins=16
restoration_compensated wind_off 100: active-model RMSE=0.00232 bins=16
restoration_compensated wind_off 200: active-model RMSE=0.00216 bins=16
restoration_uncompensated_gated wind_on 0: active-model RMSE=0.09126 bins=6
restoration_uncompensated_gated wind_on 1: active-model RMSE=0.08752 bins=6
restoration_uncompensated_gated wind_on 4: active-model RMSE=0.07052 bins=7
restoration_uncompensated_gated wind_on 20: active-model RMSE=0.04528 bins=9
restoration_uncompensated_gated wind_on 50: active-model RMSE=0.03950 bins=11
restoration_uncompensated_gated wind_on 100: active-model RMSE=0.03482 bins=13
restoration_uncompensated_gated wind_on 200: active-model RMSE=0.03162 bins=14
restoration_uncompensated_gated wind_off 0: active-model RMSE=0.10008 bins=6
restoration_uncompensated_gated wind_off 1: active-model RMSE=0.09935 bins=6
restoration_uncompensated_gated wind_off 4: active-model RMSE=0.09455 bins=6
restoration_uncompensated_gated wind_off 20: active-model RMSE=0.08567 bins=8
restoration_uncompensated_gated wind_off 50: active-model RMSE=0.07578 bins=8
restoration_uncompensated_gated wind_off 100: active-model RMSE=0.05242 bins=10
restoration_uncompensated_gated wind_off 200: active-model RMSE=0.00609 bins=15
restoration_uncompensated_full_residual wind_on 0: active-model RMSE=0.08234 bins=7
restoration_uncompensated_full_residual wind_on 1: active-model RMSE=0.07825 bins=6
restoration_uncompensated_full_residual wind_on 4: active-model RMSE=0.05961 bins=8
restoration_uncompensated_full_residual wind_on 20: active-model RMSE=0.03375 bins=14
restoration_uncompensated_full_residual wind_on 50: active-model RMSE=0.02941 bins=15
restoration_uncompensated_full_residual wind_on 100: active-model RMSE=0.02713 bins=15
restoration_uncompensated_full_residual wind_on 200: active-model RMSE=0.02557 bins=14
restoration_uncompensated_full_residual wind_off 0: active-model RMSE=0.09906 bins=5
restoration_uncompensated_full_residual wind_off 1: active-model RMSE=0.09799 bins=5
restoration_uncompensated_full_residual wind_off 4: active-model RMSE=0.09133 bins=6
restoration_uncompensated_full_residual wind_off 20: active-model RMSE=0.03033 bins=13
restoration_uncompensated_full_residual wind_off 50: active-model RMSE=0.00770 bins=14
restoration_uncompensated_full_residual wind_off 100: active-model RMSE=0.00572 bins=15
restoration_uncompensated_full_residual wind_off 200: active-model RMSE=0.00401 bins=14
