Traceback (most recent call last):
  File "/home/tk/Desktop/mycode/crazyflow/benchmark/da_plcbf_hover_navigation.py", line 84, in <module>
    if __name__ == "__main__":
        ^^^^^^
  File "/home/tk/Desktop/mycode/crazyflow/benchmark/da_plcbf_hover_navigation.py", line 58, in main
        config,
             ^^
    ...<8 lines>...
        ("config.json", asdict(config)),
    
  File "/home/tk/Desktop/mycode/crazyflow/crazyflow/safety/da_plcbf/navigation_experiment.py", line 305, in run_navigation_experiment
    bundle = load_learner_checkpoint(checkpoint, device=device)
  File "/home/tk/Desktop/mycode/crazyflow/crazyflow/safety/da_plcbf/learner_checkpoint.py", line 174, in load_learner_checkpoint
    manifest = json.loads(json_path.read_text())
                          ~~~~~~~~~~~~~~~~~~~^^
  File "/home/tk/Desktop/mycode/crazyflow/.pixi/envs/gpu-tests/lib/python3.14/pathlib/__init__.py", line 787, in read_text
    with self.open(mode='r', encoding=encoding, errors=errors, newline=newline) as f:
         ~~~~~~~~~^^^^^^^^^^^^^^^^^^^^^^^^^^^^^^^^^^^^^^^^^^^^^^^^^^^^^^^^^^^^^
  File "/home/tk/Desktop/mycode/crazyflow/.pixi/envs/gpu-tests/lib/python3.14/pathlib/__init__.py", line 771, in open
    return io.open(self, mode, buffering, encoding, errors, newline)
           ~~~~~~~^^^^^^^^^^^^^^^^^^^^^^^^^^^^^^^^^^^^^^^^^^^^^^^^^^
FileNotFoundError: [Errno 2] No such file or directory: 'artifacts/da_plcbf/hover-explanation-20260905/learning/hover-probe-1/principal_compensated/initial_checkpoint.json'
