fixed: 0/1000 controls; 0 waypoints reached
fixed: 100/1000 controls; 0 waypoints reached
fixed: 200/1000 controls; 2 waypoints reached
fixed: 300/1000 controls; 3 waypoints reached
fixed: 400/1000 controls; 4 waypoints reached
fixed: 500/1000 controls; 4 waypoints reached
fixed: 600/1000 controls; 5 waypoints reached
fixed: 700/1000 controls; 6 waypoints reached
fixed: 800/1000 controls; 7 waypoints reached
adaptive: 0/1000 controls; 0 waypoints reached
adaptive: 100/1000 controls; 0 waypoints reached
adaptive: 200/1000 controls; 2 waypoints reached
adaptive: 300/1000 controls; 3 waypoints reached
adaptive: 400/1000 controls; 3 waypoints reached
adaptive: 500/1000 controls; 4 waypoints reached
adaptive: 600/1000 controls; 5 waypoints reached
adaptive: 700/1000 controls; 6 waypoints reached
adaptive: 800/1000 controls; 6 waypoints reached
adaptive: 900/1000 controls; 7 waypoints reached
Traceback (most recent call last):
  File "/tmp/crazyflow-navigation-pilot-cbufsnrr/examples/da_plcbf/navigation_demo.py", line 146, in <module>
    main()
    ~~~~^^
  File "/tmp/crazyflow-navigation-pilot-cbufsnrr/examples/da_plcbf/navigation_demo.py", line 103, in main
    result = run_navigation_experiment(
        world,
    ...<7 lines>...
        ),
    )
  File "/tmp/crazyflow-navigation-pilot-cbufsnrr/crazyflow/safety/da_plcbf/navigation_experiment.py", line 662, in run_navigation_experiment
    str(Path(__file__).relative_to(Path.cwd())): hashlib.sha256(
        ~~~~~~~~~~~~~~~~~~~~~~~~~~^^^^^^^^^^^^
  File "/home/tk/Desktop/mycode/crazyflow/.pixi/envs/gpu-tests/lib/python3.14/pathlib/__init__.py", line 490, in relative_to
    raise ValueError(f"{str(self)!r} is not in the subpath of {str(other)!r}")
ValueError: '/tmp/crazyflow-navigation-pilot-cbufsnrr/crazyflow/safety/da_plcbf/navigation_experiment.py' is not in the subpath of '/home/tk/Desktop/mycode/crazyflow'
